
There are no discarded input sections

Memory Configuration

Name             Origin             Length             Attributes
FLASH            0x08000000         0x00100000         xr
SRAM             0x20000000         0x00020000         xrw
*default*        0x00000000         0xffffffff

Linker script and memory map

LOAD build/startup.o
LOAD build/kernel.o

.text           0x08000000       0xb8
 *(.isr_vector)
 .isr_vector    0x08000000        0x8 build/startup.o
 *(.text)
 .text          0x08000008       0x40 build/startup.o
                0x08000008                Reset_Handler
 .text          0x08000048       0x70 build/kernel.o
                0x08000048                delay
                0x0800006a                kmain
 *(.rodata)
                0x080000b8                        . = ALIGN (0x4)
                0x080000b8                        _etext = .

.glue_7         0x080000b8        0x0
 .glue_7        0x080000b8        0x0 linker stubs

.glue_7t        0x080000b8        0x0
 .glue_7t       0x080000b8        0x0 linker stubs

.vfp11_veneer   0x080000b8        0x0
 .vfp11_veneer  0x080000b8        0x0 linker stubs

.v4_bx          0x080000b8        0x0
 .v4_bx         0x080000b8        0x0 linker stubs

.iplt           0x080000b8        0x0
 .iplt          0x080000b8        0x0 build/startup.o

.rel.dyn        0x080000b8        0x0
 .rel.iplt      0x080000b8        0x0 build/startup.o

.data           0x20000000        0x0 load address 0x080000b8
                0x20000000                        _sdata = .
 *(.data)
 .data          0x20000000        0x0 build/startup.o
 .data          0x20000000        0x0 build/kernel.o
                0x20000000                        . = ALIGN (0x4)
                0x20000000                        _edata = .

.igot.plt       0x20000000        0x0 load address 0x080000b8
 .igot.plt      0x20000000        0x0 build/startup.o

.bss            0x20000000        0x0 load address 0x080000b8
                0x20000000                        _sbss = .
 *(.bss)
 .bss           0x20000000        0x0 build/startup.o
 .bss           0x20000000        0x0 build/kernel.o
                0x20000000                        . = ALIGN (0x4)
                0x20000000                        _ebss = .
                0x20020000                        _estack = (ORIGIN (SRAM) + LENGTH (SRAM))
OUTPUT(build/stm32-mini-os.elf elf32-littlearm)
LOAD linker stubs

.ARM.attributes
                0x00000000       0x2f
 .ARM.attributes
                0x00000000       0x21 build/startup.o
 .ARM.attributes
                0x00000021       0x2e build/kernel.o

.comment        0x00000000       0x26
 .comment       0x00000000       0x26 build/kernel.o
                                 0x27 (size before relaxing)

.debug_line     0x00000000      0x113
 .debug_line    0x00000000       0x66 build/startup.o
 .debug_line    0x00000066       0xad build/kernel.o

.debug_line_str
                0x00000000       0x45
 .debug_line_str
                0x00000000       0x45 build/startup.o

.debug_info     0x00000000       0xd1
 .debug_info    0x00000000       0x24 build/startup.o
 .debug_info    0x00000024       0xad build/kernel.o

.debug_abbrev   0x00000000       0x90
 .debug_abbrev  0x00000000       0x14 build/startup.o
 .debug_abbrev  0x00000014       0x7c build/kernel.o

.debug_aranges  0x00000000       0x40
 .debug_aranges
                0x00000000       0x20 build/startup.o
 .debug_aranges
                0x00000020       0x20 build/kernel.o

.debug_str      0x00000000      0x124
 .debug_str     0x00000000      0x124 build/startup.o
                                 0x51 (size before relaxing)
 .debug_str     0x00000124      0x12f build/kernel.o

.debug_frame    0x00000000       0x54
 .debug_frame   0x00000000       0x54 build/kernel.o
