
There are no discarded input sections

Memory Configuration

Name             Origin             Length             Attributes
FLASH            0x08000000         0x00100000         xr
SRAM             0x20000000         0x00020000         xrw
*default*        0x00000000         0xffffffff

Linker script and memory map

LOAD build/arch/stm32f407/boot/startup.o
LOAD build/drivers/led.o
LOAD build/drivers/systick.o
LOAD build/kernel/kmain.o
                0x20020000                        _estack = (ORIGIN (SRAM) + LENGTH (SRAM))

.text           0x08000000      0x18c
 *(.isr_vector)
 .isr_vector    0x08000000       0x10 build/arch/stm32f407/boot/startup.o
                0x08000000                vector_table
 *(.text)
 .text          0x08000010       0x64 build/arch/stm32f407/boot/startup.o
                0x08000010                NMI_Handler
                0x08000010                Default_Handler
                0x08000010                HardFault_Handler
                0x08000018                Reset_Handler
 .text          0x08000074       0x8c build/drivers/led.o
                0x08000074                led_init
                0x080000ac                led_toggle
                0x080000c8                led_on
                0x080000e4                led_off
 .text          0x08000100       0x68 build/drivers/systick.o
                0x08000100                systick_delay_ms
 .text          0x08000168       0x24 build/kernel/kmain.o
                0x08000168                delay
                0x08000178                kmain
 *(.rodata)
                0x0800018c                        . = ALIGN (0x4)
                0x0800018c                        _etext = .

.glue_7         0x0800018c        0x0
 .glue_7        0x0800018c        0x0 linker stubs

.glue_7t        0x0800018c        0x0
 .glue_7t       0x0800018c        0x0 linker stubs

.vfp11_veneer   0x0800018c        0x0
 .vfp11_veneer  0x0800018c        0x0 linker stubs

.v4_bx          0x0800018c        0x0
 .v4_bx         0x0800018c        0x0 linker stubs

.iplt           0x0800018c        0x0
 .iplt          0x0800018c        0x0 build/arch/stm32f407/boot/startup.o

.rel.dyn        0x0800018c        0x0
 .rel.iplt      0x0800018c        0x0 build/arch/stm32f407/boot/startup.o

.data           0x20000000        0x0 load address 0x0800018c
                0x20000000                        . = ALIGN (0x4)
                0x20000000                        _sdata = .
 *(.data)
 .data          0x20000000        0x0 build/arch/stm32f407/boot/startup.o
 .data          0x20000000        0x0 build/drivers/led.o
 .data          0x20000000        0x0 build/drivers/systick.o
 .data          0x20000000        0x0 build/kernel/kmain.o
                0x20000000                        . = ALIGN (0x4)
                0x20000000                        _edata = .

.igot.plt       0x20000000        0x0 load address 0x0800018c
 .igot.plt      0x20000000        0x0 build/arch/stm32f407/boot/startup.o

.bss            0x20000000        0x0 load address 0x0800018c
                0x20000000                        . = ALIGN (0x4)
                0x20000000                        _sbss = .
 *(.bss)
 .bss           0x20000000        0x0 build/arch/stm32f407/boot/startup.o
 .bss           0x20000000        0x0 build/drivers/led.o
 .bss           0x20000000        0x0 build/drivers/systick.o
 .bss           0x20000000        0x0 build/kernel/kmain.o
                0x20000000                        . = ALIGN (0x4)
                0x20000000                        _ebss = .
OUTPUT(build/kernel.elf elf32-littlearm)
LOAD linker stubs

.debug_info     0x00000000      0x387
 .debug_info    0x00000000      0x141 build/arch/stm32f407/boot/startup.o
 .debug_info    0x00000141       0xc5 build/drivers/led.o
 .debug_info    0x00000206       0xbe build/drivers/systick.o
 .debug_info    0x000002c4       0xc3 build/kernel/kmain.o

.debug_abbrev   0x00000000      0x22c
 .debug_abbrev  0x00000000       0xd6 build/arch/stm32f407/boot/startup.o
 .debug_abbrev  0x000000d6       0x54 build/drivers/led.o
 .debug_abbrev  0x0000012a       0x7d build/drivers/systick.o
 .debug_abbrev  0x000001a7       0x85 build/kernel/kmain.o

.debug_aranges  0x00000000       0x80
 .debug_aranges
                0x00000000       0x20 build/arch/stm32f407/boot/startup.o
 .debug_aranges
                0x00000020       0x20 build/drivers/led.o
 .debug_aranges
                0x00000040       0x20 build/drivers/systick.o
 .debug_aranges
                0x00000060       0x20 build/kernel/kmain.o

.debug_line     0x00000000      0x575
 .debug_line    0x00000000      0x15b build/arch/stm32f407/boot/startup.o
 .debug_line    0x0000015b      0x157 build/drivers/led.o
 .debug_line    0x000002b2      0x16b build/drivers/systick.o
 .debug_line    0x0000041d      0x158 build/kernel/kmain.o

.debug_str      0x00000000      0x1cc
 .debug_str     0x00000000      0x1cc build/arch/stm32f407/boot/startup.o
                                0x1a0 (size before relaxing)
 .debug_str     0x000001cc        0x0 build/drivers/led.o
                                0x159 (size before relaxing)
 .debug_str     0x000001cc        0x0 build/drivers/systick.o
                                0x151 (size before relaxing)
 .debug_str     0x000001cc        0x0 build/kernel/kmain.o
                                0x168 (size before relaxing)

.comment        0x00000000       0x45
 .comment       0x00000000       0x45 build/arch/stm32f407/boot/startup.o
                                 0x46 (size before relaxing)
 .comment       0x00000045        0x0 build/drivers/led.o
                                 0x46 (size before relaxing)
 .comment       0x00000045        0x0 build/drivers/systick.o
                                 0x46 (size before relaxing)
 .comment       0x00000045        0x0 build/kernel/kmain.o
                                 0x46 (size before relaxing)

.ARM.attributes
                0x00000000       0x2e
 .ARM.attributes
                0x00000000       0x2e build/arch/stm32f407/boot/startup.o
 .ARM.attributes
                0x0000002e       0x2e build/drivers/led.o
 .ARM.attributes
                0x0000005c       0x2e build/drivers/systick.o
 .ARM.attributes
                0x0000008a       0x2e build/kernel/kmain.o

.debug_frame    0x00000000      0x158
 .debug_frame   0x00000000       0x48 build/arch/stm32f407/boot/startup.o
 .debug_frame   0x00000048       0x90 build/drivers/led.o
 .debug_frame   0x000000d8       0x38 build/drivers/systick.o
 .debug_frame   0x00000110       0x48 build/kernel/kmain.o
